main.c:117:5:main	8	static
main.c:206:6:SystemClock_Config	72	static
main.c:245:13:MX_I2C1_Init	8	static
main.c:279:13:MX_I2C2_Init	8	static
main.c:313:13:MX_SPI2_Init	8	static
main.c:351:13:MX_GPIO_Init	40	static
main.c:377:6:my_print_readings	16	static
main.c:393:6:print_sensor_data	16	static
main.c:402:8:stream_sensor_data_forced_mode	24	static
main.c:431:8:stream_sensor_data_normal_mode	56	static
main.c:463:6:user_delay_ms	16	static
main.c:468:8:user_i2c_write	40	static
main.c:480:8:user_i2c_read	40	static
main.c:500:6:Pressure_Unit_Start	16	static
main.c:524:6:Inertial_Unit_Start	184	static
main.c:563:6:Decision_and_Logger	16	static
main.c:616:6:HAL_TIM_PeriodElapsedCallback	16	static
main.c:633:6:Error_Handler	4	static,ignoring_inline_asm
